// 同步 ID: 66d4bad5 @ Wed Jul 22 13:52:47 UTC 2026
// 同步 ID: 387520dd @ Wed Jul 22 17:17:13 UTC 2026
// 重构日志: e5d00105
// 重构日志: 0b9deac3
// 重构日志: b960c6d8
// 重构日志: c43af3c6
// 重构日志: 33c9d5c5
// 同步 ID: c5a6aec3 @ Sat Jul 25 15:08:54 UTC 2026
// 重构日志: 3bd2d5cf
// 重构日志: f970db63
// 重构日志: 0663dee0
// 重构日志: 6e3d6b13
// 重构日志: e00811aa
// 重构日志: 57d3f4d8
// 重构日志: 69efaae6
// 同步 ID: eba30605 @ Tue Jul 28 05:27:40 UTC 2026
// 同步 ID: 69903262 @ Tue Jul 28 17:50:01 UTC 2026
// 重构日志: 398e65b0
// 同步 ID: 3e6d3b6d @ Wed Jul 29 16:00:10 UTC 2026
// 同步 ID: a49f5e40 @ Thu Jul 30 02:00:11 UTC 2026
// 同步 ID: 17509a4d @ Thu Jul 30 07:25:24 UTC 2026
// 重构日志: 00d25558
// 重构日志: d4fa37bd
// 重构日志: cc9c7a0c
// 同步 ID: 1723a234 @ Fri Jul 31 11:26:19 UTC 2026
// 重构日志: 711b58bf
// 重构日志: f12a83f1
// 重构日志: aedfdeb2
// 同步 ID: b11647a8 @ Mon Aug  3 05:49:40 UTC 2026
// 同步 ID: f346c0db @ Tue Aug  4 01:58:36 UTC 2026
// 重构日志: 94a1f16d
// 重构日志: 08503cc4
// 重构日志: b09e8815
// 重构日志: 56208c8f
// 重构日志: e5f61966
